<html>
<body>
<pre>
<h1>µVision Build Log</h1>
<h2>Project:</h2>
C:\Users\lenovo\Documents\Embedded_repo\Embedded_Project_REPO\ProjectFile.uvproj
Project File Date:  05/29/2021

<h2>Output:</h2>
Build target 'Target 1'
compiling distance.c...
compiling main.c...
main.c(6): warning:  #1-D: last line of file ends without a newline
  }
main.c: 1 warning, 0 errors
linking...
Program Size: Code=532 RO-data=636 RW-data=0 ZI-data=608  
".\ProjectFile.axf" - 0 Error(s), 1 Warning(s).
(s).
Target not created
reated
shed: 1 information, 0 warning and 2 error messages.
".\ProjectFile.axf" - 2 Error(s), 0 Warning(s).
Target not created
